<div class="infobox book"><div class="name">Pathfinder&nbsp;Society&nbsp;Scenario&nbsp;#4-16: The Fabric of Reality</div>{{#ifexist:File:Fabric of Reality.jpg|<div class="image">[[File:Fabric of Reality.jpg|250px|Cover Image|class=not-lazy]]</div>}}<div class="website">[https://paizo.com/products/btpy8v0n PZOPSS0416]</div><div class="type">Book - Pathfinder Society scenario</div><div class="table"><div class="key">Author</div><div>[[Tom Phillips|Tom Phillips]]</div><div class="key">Publisher</div><div>[[Paizo Inc.|Paizo Inc.]]</div><div class="key">Rule set</div><div>PFRPG</div><div class="key">Series</div><div>[[:Category:Season 4 scenarios|Season 4 scenarios]], and [[Pathfinder Society Roleplaying Guild|Pathfinder Society Roleplaying Guild]]</div><div class="key">Follows</div><div>[[The Cyphermage Dilemma|The Cyphermage Dilemma]]</div><div class="key">Precedes</div><div>[[Tower of the Ironwood Watch|Tower of the Ironwood Watch]]</div><div class="infobox-book-releases"><div class="infobox-book-releases-title">Releases</div><div class="name">PDF</div><div class="table"><div class="key">Date</div><div><time datetime="2013-02">February 2013</time></div><div class="key">Price</div><div>$3.99</div></div></div><div class="full-width works-by">[[:Category:Artwork from The Fabric of Reality|Artwork from this book]]</div></div><div class="infobox-links"><div class="infobox-link plainlinks fa">[[Facts:The Fabric of Reality|ÔÅÑ]]</div></div></div>[[Category:Artwork by {{#getdisplaytitle:Yong Yi Lee}}]][[Category:Artwork by {{#getdisplaytitle:Corey Macourek}}]][[Category:Artwork by {{#getdisplaytitle:Fernanda Suarez}}]][[Category:Artwork by {{#getdisplaytitle:Sean Macdonald}}]][[Category:Works by {{#getdisplaytitle:Tom Phillips}}]][[Category:2013 adventures]][[Category:Adventures]][[Category:PFRPG adventures]][[Category:Pathfinder Society scenarios]]